#-----------------------------------------------------------
# Vivado v2017.4 (64-bit)
# SW Build 2086221 on Fri Dec 15 20:55:39 MST 2017
# IP Build 2085800 on Fri Dec 15 22:25:07 MST 2017
# Start of session at: Fri Mar 16 14:53:36 2018
# Process ID: 10492
# Current directory: C:/02study/11github/my_static_pipeline_CPU
# Command line: vivado.exe -gui_launcher_event rodinguilauncherevent8920 C:\02study\11github\my_static_pipeline_CPU\my_static_pipeline_CPU.xpr
# Log file: C:/02study/11github/my_static_pipeline_CPU/vivado.log
# Journal file: C:/02study/11github/my_static_pipeline_CPU\vivado.jou
#-----------------------------------------------------------
start_gui
open_project C:/02study/11github/my_static_pipeline_CPU/my_static_pipeline_CPU.xpr
file mkdir C:/02study/11github/my_static_pipeline_CPU/my_static_pipeline_CPU.srcs/sources_1/new
close [ open C:/02study/11github/my_static_pipeline_CPU/my_static_pipeline_CPU.srcs/sources_1/new/pipeDEreg.v w ]
add_files C:/02study/11github/my_static_pipeline_CPU/my_static_pipeline_CPU.srcs/sources_1/new/pipeDEreg.v
update_compile_order -fileset sources_1
add_files -norecurse -scan_for_includes {C:/02study/11github/my_static_pipeline_CPU/my_static_pipeline_CPU.srcs/sources_1/new/pipeIF.v C:/02study/11github/my_static_pipeline_CPU/my_static_pipeline_CPU.srcs/sources_1/new/pipeID.v C:/02study/11github/my_static_pipeline_CPU/my_static_pipeline_CPU.srcs/sources_1/new/pcreg.v C:/02study/11github/my_static_pipeline_CPU/my_static_pipeline_CPU.srcs/sources_1/new/pipeIR.v C:/02study/11github/my_static_pipeline_CPU/my_static_pipeline_CPU.srcs/sources_1/new/pipeDEreg.v}
import_files -norecurse {C:/02study/11github/my_static_pipeline_CPU/my_static_pipeline_CPU.srcs/sources_1/new/pipeIF.v C:/02study/11github/my_static_pipeline_CPU/my_static_pipeline_CPU.srcs/sources_1/new/pipeID.v C:/02study/11github/my_static_pipeline_CPU/my_static_pipeline_CPU.srcs/sources_1/new/pcreg.v C:/02study/11github/my_static_pipeline_CPU/my_static_pipeline_CPU.srcs/sources_1/new/pipeIR.v C:/02study/11github/my_static_pipeline_CPU/my_static_pipeline_CPU.srcs/sources_1/new/pipeDEreg.v}
update_compile_order -fileset sources_1
update_compile_order -fileset sources_1
update_compile_order -fileset sources_1
close [ open C:/02study/11github/my_static_pipeline_CPU/my_static_pipeline_CPU.srcs/sources_1/new/pipeMWreg.v w ]
add_files C:/02study/11github/my_static_pipeline_CPU/my_static_pipeline_CPU.srcs/sources_1/new/pipeMWreg.v
close [ open C:/02study/11github/my_static_pipeline_CPU/my_static_pipeline_CPU.srcs/sources_1/new/pipeEMreg.v w ]
add_files C:/02study/11github/my_static_pipeline_CPU/my_static_pipeline_CPU.srcs/sources_1/new/pipeEMreg.v
close [ open C:/02study/11github/my_static_pipeline_CPU/my_static_pipeline_CPU.srcs/sources_1/new/pipeEXE.v w ]
add_files C:/02study/11github/my_static_pipeline_CPU/my_static_pipeline_CPU.srcs/sources_1/new/pipeEXE.v
close [ open C:/02study/11github/my_static_pipeline_CPU/my_static_pipeline_CPU.srcs/sources_1/new/pipeMEM.v w ]
add_files C:/02study/11github/my_static_pipeline_CPU/my_static_pipeline_CPU.srcs/sources_1/new/pipeMEM.v
close [ open C:/02study/11github/my_static_pipeline_CPU/my_static_pipeline_CPU.srcs/sources_1/new/pipeWB.v w ]
add_files C:/02study/11github/my_static_pipeline_CPU/my_static_pipeline_CPU.srcs/sources_1/new/pipeWB.v
update_compile_order -fileset sources_1
export_ip_user_files -of_objects  [get_files C:/02study/11github/my_static_pipeline_CPU/my_static_pipeline_CPU.srcs/sources_1/imports/new/pcreg.v] -no_script -reset -force -quiet
remove_files  C:/02study/11github/my_static_pipeline_CPU/my_static_pipeline_CPU.srcs/sources_1/imports/new/pcreg.v
export_ip_user_files -of_objects  [get_files C:/02study/11github/my_static_pipeline_CPU/my_static_pipeline_CPU.srcs/sources_1/imports/new/pipeID.v] -no_script -reset -force -quiet
remove_files  C:/02study/11github/my_static_pipeline_CPU/my_static_pipeline_CPU.srcs/sources_1/imports/new/pipeID.v
remove_files  C:/02study/11github/my_static_pipeline_CPU/my_static_pipeline_CPU.srcs/sources_1/imports/new/pipeID.v
export_ip_user_files -of_objects  [get_files C:/02study/11github/my_static_pipeline_CPU/my_static_pipeline_CPU.srcs/sources_1/imports/new/pipeIF.v] -no_script -reset -force -quiet
remove_files  C:/02study/11github/my_static_pipeline_CPU/my_static_pipeline_CPU.srcs/sources_1/imports/new/pipeIF.v
update_compile_order -fileset sources_1
update_compile_order -fileset sources_1
add_files -norecurse {C:/02study/11github/my_static_pipeline_CPU/my_static_pipeline_CPU.srcs/sources_1/new/pipeIF.v C:/02study/11github/my_static_pipeline_CPU/my_static_pipeline_CPU.srcs/sources_1/new/pipeMWreg.v C:/02study/11github/my_static_pipeline_CPU/my_static_pipeline_CPU.srcs/sources_1/new/pipeID.v C:/02study/11github/my_static_pipeline_CPU/my_static_pipeline_CPU.srcs/sources_1/new/pcreg.v C:/02study/11github/my_static_pipeline_CPU/my_static_pipeline_CPU.srcs/sources_1/new/pipeEMreg.v C:/02study/11github/my_static_pipeline_CPU/my_static_pipeline_CPU.srcs/sources_1/new/pipeIR.v C:/02study/11github/my_static_pipeline_CPU/my_static_pipeline_CPU.srcs/sources_1/new/pipeEXE.v C:/02study/11github/my_static_pipeline_CPU/my_static_pipeline_CPU.srcs/sources_1/new/pipeMEM.v C:/02study/11github/my_static_pipeline_CPU/my_static_pipeline_CPU.srcs/sources_1/new/pipeWB.v C:/02study/11github/my_static_pipeline_CPU/my_static_pipeline_CPU.srcs/sources_1/new/pipeDEreg.v}
update_compile_order -fileset sources_1
update_files -from_files C:/02study/11github/my_static_pipeline_CPU/my_static_pipeline_CPU.srcs/sources_1/new/pipeDEreg.v -to_files C:/02study/11github/my_static_pipeline_CPU/my_static_pipeline_CPU.srcs/sources_1/imports/new/pipeDEreg.v -filesets [get_filesets *]
export_ip_user_files -of_objects  [get_files C:/02study/11github/my_static_pipeline_CPU/my_static_pipeline_CPU.srcs/sources_1/new/pipeWB.v] -no_script -reset -force -quiet
remove_files  C:/02study/11github/my_static_pipeline_CPU/my_static_pipeline_CPU.srcs/sources_1/new/pipeWB.v
export_ip_user_files -of_objects  [get_files C:/02study/11github/my_static_pipeline_CPU/my_static_pipeline_CPU.srcs/sources_1/new/pipeMEM.v] -no_script -reset -force -quiet
remove_files  C:/02study/11github/my_static_pipeline_CPU/my_static_pipeline_CPU.srcs/sources_1/new/pipeMEM.v
export_ip_user_files -of_objects  [get_files C:/02study/11github/my_static_pipeline_CPU/my_static_pipeline_CPU.srcs/sources_1/new/pcreg.v] -no_script -reset -force -quiet
remove_files  C:/02study/11github/my_static_pipeline_CPU/my_static_pipeline_CPU.srcs/sources_1/new/pcreg.v
export_ip_user_files -of_objects  [get_files C:/02study/11github/my_static_pipeline_CPU/my_static_pipeline_CPU.srcs/sources_1/new/pipeID.v] -no_script -reset -force -quiet
remove_files  C:/02study/11github/my_static_pipeline_CPU/my_static_pipeline_CPU.srcs/sources_1/new/pipeID.v
export_ip_user_files -of_objects  [get_files C:/02study/11github/my_static_pipeline_CPU/my_static_pipeline_CPU.srcs/sources_1/new/pipeIF.v] -no_script -reset -force -quiet
remove_files  C:/02study/11github/my_static_pipeline_CPU/my_static_pipeline_CPU.srcs/sources_1/new/pipeIF.v
export_ip_user_files -of_objects  [get_files C:/02study/11github/my_static_pipeline_CPU/my_static_pipeline_CPU.srcs/sources_1/new/pipeMWreg.v] -no_script -reset -force -quiet
remove_files  C:/02study/11github/my_static_pipeline_CPU/my_static_pipeline_CPU.srcs/sources_1/new/pipeMWreg.v
update_compile_order -fileset sources_1
export_ip_user_files -of_objects  [get_files C:/02study/11github/my_static_pipeline_CPU/my_static_pipeline_CPU.srcs/sources_1/new/pipeEXE.v] -no_script -reset -force -quiet
remove_files  C:/02study/11github/my_static_pipeline_CPU/my_static_pipeline_CPU.srcs/sources_1/new/pipeEXE.v
export_ip_user_files -of_objects  [get_files C:/02study/11github/my_static_pipeline_CPU/my_static_pipeline_CPU.srcs/sources_1/new/pipeIR.v] -no_script -reset -force -quiet
remove_files  C:/02study/11github/my_static_pipeline_CPU/my_static_pipeline_CPU.srcs/sources_1/new/pipeIR.v
update_compile_order -fileset sources_1
export_ip_user_files -of_objects  [get_files C:/02study/11github/my_static_pipeline_CPU/my_static_pipeline_CPU.srcs/sources_1/imports/new/pipeDEreg.v] -no_script -reset -force -quiet
remove_files  C:/02study/11github/my_static_pipeline_CPU/my_static_pipeline_CPU.srcs/sources_1/imports/new/pipeDEreg.v
export_ip_user_files -of_objects  [get_files C:/02study/11github/my_static_pipeline_CPU/my_static_pipeline_CPU.srcs/sources_1/imports/new/pipeIR.v] -no_script -reset -force -quiet
remove_files  C:/02study/11github/my_static_pipeline_CPU/my_static_pipeline_CPU.srcs/sources_1/imports/new/pipeIR.v
export_ip_user_files -of_objects  [get_files C:/02study/11github/my_static_pipeline_CPU/my_static_pipeline_CPU.srcs/sources_1/new/pipeEMreg.v] -no_script -reset -force -quiet
remove_files  C:/02study/11github/my_static_pipeline_CPU/my_static_pipeline_CPU.srcs/sources_1/new/pipeEMreg.v
update_compile_order -fileset sources_1
export_ip_user_files -of_objects  [get_files C:/02study/11github/my_static_pipeline_CPU/my_static_pipeline_CPU.srcs/sources_1/new/pipeDEreg.v] -no_script -reset -force -quiet
remove_files  C:/02study/11github/my_static_pipeline_CPU/my_static_pipeline_CPU.srcs/sources_1/new/pipeDEreg.v
add_files {C:/02study/11github/my_static_pipeline_CPU/my_static_pipeline_CPU.srcs/sources_1/new/pipeIF.v C:/02study/11github/my_static_pipeline_CPU/my_static_pipeline_CPU.srcs/sources_1/new/pipeMWreg.v C:/02study/11github/my_static_pipeline_CPU/my_static_pipeline_CPU.srcs/sources_1/new/pipeID.v C:/02study/11github/my_static_pipeline_CPU/my_static_pipeline_CPU.srcs/sources_1/new/pcreg.v C:/02study/11github/my_static_pipeline_CPU/my_static_pipeline_CPU.srcs/sources_1/new/pipeEMreg.v C:/02study/11github/my_static_pipeline_CPU/my_static_pipeline_CPU.srcs/sources_1/new/pipeIR.v C:/02study/11github/my_static_pipeline_CPU/my_static_pipeline_CPU.srcs/sources_1/new/pipeEXE.v C:/02study/11github/my_static_pipeline_CPU/my_static_pipeline_CPU.srcs/sources_1/new/pipeMEM.v C:/02study/11github/my_static_pipeline_CPU/my_static_pipeline_CPU.srcs/sources_1/new/pipeWB.v C:/02study/11github/my_static_pipeline_CPU/my_static_pipeline_CPU.srcs/sources_1/new/pipeDEreg.v}
update_compile_order -fileset sources_1
update_compile_order -fileset sources_1
import_files {C:/02study/11github/my_static_pipeline_CPU/my_static_pipeline_CPU.srcs/sources_1/new/pipeIF.v C:/02study/11github/my_static_pipeline_CPU/my_static_pipeline_CPU.srcs/sources_1/new/pipeMWreg.v C:/02study/11github/my_static_pipeline_CPU/my_static_pipeline_CPU.srcs/sources_1/new/pipeID.v C:/02study/11github/my_static_pipeline_CPU/my_static_pipeline_CPU.srcs/sources_1/new/pcreg.v C:/02study/11github/my_static_pipeline_CPU/my_static_pipeline_CPU.srcs/sources_1/new/pipeEMreg.v C:/02study/11github/my_static_pipeline_CPU/my_static_pipeline_CPU.srcs/sources_1/new/pipeIR.v C:/02study/11github/my_static_pipeline_CPU/my_static_pipeline_CPU.srcs/sources_1/new/pipeEXE.v C:/02study/11github/my_static_pipeline_CPU/my_static_pipeline_CPU.srcs/sources_1/new/pipeMEM.v C:/02study/11github/my_static_pipeline_CPU/my_static_pipeline_CPU.srcs/sources_1/new/pipeWB.v C:/02study/11github/my_static_pipeline_CPU/my_static_pipeline_CPU.srcs/sources_1/new/pipeDEreg.v}
export_ip_user_files -of_objects  [get_files C:/02study/11github/my_static_pipeline_CPU/my_static_pipeline_CPU.srcs/sources_1/imports/new/pcreg.v] -no_script -reset -force -quiet
remove_files  C:/02study/11github/my_static_pipeline_CPU/my_static_pipeline_CPU.srcs/sources_1/imports/new/pcreg.v
export_ip_user_files -of_objects  [get_files C:/02study/11github/my_static_pipeline_CPU/my_static_pipeline_CPU.srcs/sources_1/imports/new/pipeMEM.v] -no_script -reset -force -quiet
remove_files  C:/02study/11github/my_static_pipeline_CPU/my_static_pipeline_CPU.srcs/sources_1/imports/new/pipeMEM.v
remove_files  C:/02study/11github/my_static_pipeline_CPU/my_static_pipeline_CPU.srcs/sources_1/imports/new/pipeMEM.v
export_ip_user_files -of_objects  [get_files C:/02study/11github/my_static_pipeline_CPU/my_static_pipeline_CPU.srcs/sources_1/imports/new/pipeDEreg.v] -no_script -reset -force -quiet
export_ip_user_files -of_objects  [get_files C:/02study/11github/my_static_pipeline_CPU/my_static_pipeline_CPU.srcs/sources_1/imports/new/pipeEMreg.v] -no_script -reset -force -quiet
export_ip_user_files -of_objects  [get_files C:/02study/11github/my_static_pipeline_CPU/my_static_pipeline_CPU.srcs/sources_1/imports/new/pipeEXE.v] -no_script -reset -force -quiet
export_ip_user_files -of_objects  [get_files C:/02study/11github/my_static_pipeline_CPU/my_static_pipeline_CPU.srcs/sources_1/imports/new/pipeID.v] -no_script -reset -force -quiet
export_ip_user_files -of_objects  [get_files C:/02study/11github/my_static_pipeline_CPU/my_static_pipeline_CPU.srcs/sources_1/imports/new/pipeIF.v] -no_script -reset -force -quiet
export_ip_user_files -of_objects  [get_files C:/02study/11github/my_static_pipeline_CPU/my_static_pipeline_CPU.srcs/sources_1/imports/new/pipeIR.v] -no_script -reset -force -quiet
export_ip_user_files -of_objects  [get_files C:/02study/11github/my_static_pipeline_CPU/my_static_pipeline_CPU.srcs/sources_1/imports/new/pipeMWreg.v] -no_script -reset -force -quiet
export_ip_user_files -of_objects  [get_files C:/02study/11github/my_static_pipeline_CPU/my_static_pipeline_CPU.srcs/sources_1/imports/new/pipeWB.v] -no_script -reset -force -quiet
remove_files  {C:/02study/11github/my_static_pipeline_CPU/my_static_pipeline_CPU.srcs/sources_1/imports/new/pipeDEreg.v C:/02study/11github/my_static_pipeline_CPU/my_static_pipeline_CPU.srcs/sources_1/imports/new/pipeEMreg.v C:/02study/11github/my_static_pipeline_CPU/my_static_pipeline_CPU.srcs/sources_1/imports/new/pipeEXE.v C:/02study/11github/my_static_pipeline_CPU/my_static_pipeline_CPU.srcs/sources_1/imports/new/pipeID.v C:/02study/11github/my_static_pipeline_CPU/my_static_pipeline_CPU.srcs/sources_1/imports/new/pipeIF.v C:/02study/11github/my_static_pipeline_CPU/my_static_pipeline_CPU.srcs/sources_1/imports/new/pipeIR.v C:/02study/11github/my_static_pipeline_CPU/my_static_pipeline_CPU.srcs/sources_1/imports/new/pipeMWreg.v C:/02study/11github/my_static_pipeline_CPU/my_static_pipeline_CPU.srcs/sources_1/imports/new/pipeWB.v}
file mkdir C:/02study/11github/my_static_pipeline_CPU/my_static_pipeline_CPU.srcs/sources_1/new
close [ open C:/02study/11github/my_static_pipeline_CPU/my_static_pipeline_CPU.srcs/sources_1/new/pipeMWreg.v w ]
add_files C:/02study/11github/my_static_pipeline_CPU/my_static_pipeline_CPU.srcs/sources_1/new/pipeMWreg.v
close [ open C:/02study/11github/my_static_pipeline_CPU/my_static_pipeline_CPU.srcs/sources_1/new/pcreg.v w ]
add_files C:/02study/11github/my_static_pipeline_CPU/my_static_pipeline_CPU.srcs/sources_1/new/pcreg.v
close [ open C:/02study/11github/my_static_pipeline_CPU/my_static_pipeline_CPU.srcs/sources_1/new/pipeEMreg.v w ]
add_files C:/02study/11github/my_static_pipeline_CPU/my_static_pipeline_CPU.srcs/sources_1/new/pipeEMreg.v
close [ open C:/02study/11github/my_static_pipeline_CPU/my_static_pipeline_CPU.srcs/sources_1/new/pipeDEreg.v w ]
add_files C:/02study/11github/my_static_pipeline_CPU/my_static_pipeline_CPU.srcs/sources_1/new/pipeDEreg.v
update_compile_order -fileset sources_1
close [ open C:/02study/11github/my_static_pipeline_CPU/my_static_pipeline_CPU.srcs/sources_1/new/pipeIF.v w ]
add_files C:/02study/11github/my_static_pipeline_CPU/my_static_pipeline_CPU.srcs/sources_1/new/pipeIF.v
close [ open C:/02study/11github/my_static_pipeline_CPU/my_static_pipeline_CPU.srcs/sources_1/new/pipeID.v w ]
add_files C:/02study/11github/my_static_pipeline_CPU/my_static_pipeline_CPU.srcs/sources_1/new/pipeID.v
close [ open C:/02study/11github/my_static_pipeline_CPU/my_static_pipeline_CPU.srcs/sources_1/new/pipeIR.v w ]
add_files C:/02study/11github/my_static_pipeline_CPU/my_static_pipeline_CPU.srcs/sources_1/new/pipeIR.v
close [ open C:/02study/11github/my_static_pipeline_CPU/my_static_pipeline_CPU.srcs/sources_1/new/pipeEXE.v w ]
add_files C:/02study/11github/my_static_pipeline_CPU/my_static_pipeline_CPU.srcs/sources_1/new/pipeEXE.v
close [ open C:/02study/11github/my_static_pipeline_CPU/my_static_pipeline_CPU.srcs/sources_1/new/pipeMEM.v w ]
add_files C:/02study/11github/my_static_pipeline_CPU/my_static_pipeline_CPU.srcs/sources_1/new/pipeMEM.v
close [ open C:/02study/11github/my_static_pipeline_CPU/my_static_pipeline_CPU.srcs/sources_1/new/pipeWB.v w ]
add_files C:/02study/11github/my_static_pipeline_CPU/my_static_pipeline_CPU.srcs/sources_1/new/pipeWB.v
update_compile_order -fileset sources_1
set_property source_mgmt_mode DisplayOnly [current_project]
reorder_files -before C:/02study/11github/my_static_pipeline_CPU/my_static_pipeline_CPU.srcs/sources_1/new/pcreg.v C:/02study/11github/my_static_pipeline_CPU/my_static_pipeline_CPU.srcs/sources_1/new/pcreg.v
